../Core/Src/main.c:69:6:nexus_bringup	8	static
../Core/Src/main.c:79:5:main	8	static
../Core/Src/main.c:108:6:SystemClock_Config	88	static
../Core/Src/main.c:144:13:MX_TIM1_Init	56	static
../Core/Src/main.c:179:13:MX_TIM3_Init	56	static
../Core/Src/main.c:211:13:MX_TIM4_Init	56	static
../Core/Src/main.c:244:13:MX_TIM6_Init	16	static
../Core/Src/main.c:269:13:MX_TIM8_Init	56	static
../Core/Src/main.c:303:13:MX_USART2_UART_Init	8	static
../Core/Src/main.c:323:13:MX_DMA_Init	16	static
../Core/Src/main.c:341:13:MX_GPIO_Init	48	static
../Core/Src/main.c:387:6:odom_timer_cb	24	static
../Core/Src/main.c:394:6:compute_and_publish_odometry	96	static
../Core/Src/main.c:459:6:StartDefaultTask	144	static
../Core/Src/main.c:514:6:HAL_TIM_PeriodElapsedCallback	24	static
../Core/Src/main.c:542:6:Error_Handler	4	static,ignoring_inline_asm
