../Core/Src/main.c:245:5:main	8	static
../Core/Src/main.c:353:6:SystemClock_Config	88	static
../Core/Src/main.c:401:13:MX_ADC1_Init	24	static
../Core/Src/main.c:480:13:MX_TIM1_Init	56	static
../Core/Src/main.c:530:13:MX_TIM2_Init	64	static
../Core/Src/main.c:601:13:MX_TIM3_Init	56	static
../Core/Src/main.c:647:13:MX_TIM4_Init	56	static
../Core/Src/main.c:693:13:MX_TIM6_Init	16	static
../Core/Src/main.c:731:13:MX_TIM8_Init	56	static
../Core/Src/main.c:781:13:MX_UART5_Init	8	static
../Core/Src/main.c:814:13:MX_USART2_UART_Init	8	static
../Core/Src/main.c:845:13:MX_DMA_Init	16	static
../Core/Src/main.c:876:13:MX_GPIO_Init	48	static
../Core/Src/main.c:951:13:init_int_multiarray_4	16	static
../Core/Src/main.c:959:13:init_float_multiarray_fixed	24	static
../Core/Src/main.c:980:13:wheel_cmd_cb	32	static
../Core/Src/main.c:992:13:cfg_cb	32	static
../Core/Src/main.c:1003:13:timer_cb	32	static
../Core/Src/main.c:1098:6:StartDefaultTask	136	static
../Core/Src/main.c:1241:6:HAL_TIM_PeriodElapsedCallback	24	static
../Core/Src/main.c:1280:6:Error_Handler	4	static,ignoring_inline_asm
