../Core/Src/main.c:192:20:fill_ros_time	32	static
../Core/Src/main.c:269:23:accel_cfg_val	4	static
../Core/Src/main.c:271:23:gyro_cfg_val	4	static
../Core/Src/main.c:276:19:mpu6050_init	40	static
../Core/Src/main.c:315:19:mpu6050_read_dma	24	static
../Core/Src/main.c:322:6:HAL_I2C_ErrorCallback	16	static
../Core/Src/main.c:327:6:HAL_I2C_MemRxCpltCallback	16	static
../Core/Src/main.c:372:16:be16	16	static
../Core/Src/main.c:374:6:mpu6050_parse	48	static
../Core/Src/main.c:402:6:imu_func	72	static
../Core/Src/main.c:445:6:i2c1_reset	8	static
../Core/Src/main.c:680:13:RS485_SetTX	8	static
../Core/Src/main.c:682:13:RS485_SetRX	8	static
../Core/Src/main.c:684:16:calcChecksum	24	static
../Core/Src/main.c:690:6:SONAR_Init	24	static
../Core/Src/main.c:697:6:SONAR_TransmitCommand	24	static
../Core/Src/main.c:707:9:SONAR_ReadDistance	24	static
../Core/Src/main.c:725:9:SONAR_ReadTemperature	24	static
../Core/Src/main.c:744:6:sonar_timer_cb	40	static
../Core/Src/main.c:896:6:SONAR_SystemInit	8	static
../Core/Src/main.c:987:7:clamp	24	static
../Core/Src/main.c:994:6:setMotorDir	24	static
../Core/Src/main.c:1010:6:init_motors	24	static
../Core/Src/main.c:1060:6:Mecanum_Control	88	static
../Core/Src/main.c:1168:6:PID_Init	24	static
../Core/Src/main.c:1181:6:PID_WheelInit	32	static
../Core/Src/main.c:1203:7:PID_Update	32	static
../Core/Src/main.c:1226:6:twist_callback	24	static
../Core/Src/main.c:1254:6:odom_publish	32	static
../Core/Src/main.c:1289:6:MicroROS_TransportInit	24	static
../Core/Src/main.c:1299:6:MicroROS_AllocatorInit	32	static
../Core/Src/main.c:1310:6:MicroROS_CoreInit	40	static
../Core/Src/main.c:1319:6:MicroROS_TopicsInit	32	static
../Core/Src/main.c:1470:6:MicroROS_ExecutorInit	24	static
../Core/Src/main.c:1512:6:nexus_bringup	8	static
../Core/Src/main.c:1534:5:main	8	static
../Core/Src/main.c:1625:6:SystemClock_Config	88	static
../Core/Src/main.c:1673:13:MX_ADC1_Init	24	static
../Core/Src/main.c:1752:13:MX_I2C1_Init	8	static
../Core/Src/main.c:1786:13:MX_TIM1_Init	56	static
../Core/Src/main.c:1836:13:MX_TIM2_Init	64	static
../Core/Src/main.c:1907:13:MX_TIM3_Init	56	static
../Core/Src/main.c:1956:13:MX_TIM4_Init	56	static
../Core/Src/main.c:2005:13:MX_TIM6_Init	16	static
../Core/Src/main.c:2043:13:MX_TIM8_Init	56	static
../Core/Src/main.c:2093:13:MX_UART5_Init	8	static
../Core/Src/main.c:2126:13:MX_USART2_UART_Init	8	static
../Core/Src/main.c:2157:13:MX_DMA_Init	16	static
../Core/Src/main.c:2188:13:MX_GPIO_Init	48	static
../Core/Src/main.c:2246:6:stm32_debug_publish	16	static
../Core/Src/main.c:2281:6:StartMicroROSTask	16	static
../Core/Src/main.c:2330:6:HAL_TIM_PeriodElapsedCallback	32	static
../Core/Src/main.c:2381:6:Error_Handler	4	static,ignoring_inline_asm
