../Core/Src/main.c:336:6:nexus_bringup	8	static
../Core/Src/main.c:353:5:main	8	static
../Core/Src/main.c:380:6:SystemClock_Config	88	static
../Core/Src/main.c:416:13:MX_TIM1_Init	56	static
../Core/Src/main.c:451:13:MX_TIM2_Init	64	static
../Core/Src/main.c:517:13:MX_TIM3_Init	56	static
../Core/Src/main.c:549:13:MX_TIM4_Init	56	static
../Core/Src/main.c:582:13:MX_TIM6_Init	16	static
../Core/Src/main.c:607:13:MX_TIM8_Init	56	static
../Core/Src/main.c:641:13:MX_USART2_UART_Init	8	static
../Core/Src/main.c:661:13:MX_DMA_Init	16	static
../Core/Src/main.c:679:13:MX_GPIO_Init	48	static
../Core/Src/main.c:739:6:odom_timer_cb	24	static
../Core/Src/main.c:750:6:twist_callback	48	static
../Core/Src/main.c:798:6:StartDefaultTask	104	static
../Core/Src/main.c:953:6:HAL_TIM_PeriodElapsedCallback	24	static
../Core/Src/main.c:982:6:Error_Handler	4	static,ignoring_inline_asm
