../Core/Src/main.c:142:5:main	8	static
../Core/Src/main.c:229:6:SystemClock_Config	88	static
../Core/Src/main.c:277:13:MX_TIM1_Init	56	static
../Core/Src/main.c:327:13:MX_TIM2_Init	64	static
../Core/Src/main.c:398:13:MX_TIM3_Init	56	static
../Core/Src/main.c:442:13:MX_TIM4_Init	56	static
../Core/Src/main.c:486:13:MX_TIM8_Init	56	static
../Core/Src/main.c:536:13:MX_USART2_UART_Init	8	static
../Core/Src/main.c:567:13:MX_DMA_Init	16	static
../Core/Src/main.c:588:13:MX_GPIO_Init	48	static
../Core/Src/main.c:659:23:clamp500	16	static
../Core/Src/main.c:662:13:init_multiarray_4	16	static
../Core/Src/main.c:691:13:motor_enable	16	static
../Core/Src/main.c:701:13:motor_set_speed	24	static
../Core/Src/main.c:720:13:encoder_start	16	static
../Core/Src/main.c:729:16:encoder_sample_accum	24	static
../Core/Src/main.c:738:13:wheel_cmd_cb	32	static
../Core/Src/main.c:755:13:timer_cb	24	static
../Core/Src/main.c:776:6:StartDefaultTask	168	static
../Core/Src/main.c:864:6:HAL_TIM_PeriodElapsedCallback	16	static
../Core/Src/main.c:882:6:Error_Handler	4	static,ignoring_inline_asm
