../Core/Src/main.c:184:5:main	8	static
../Core/Src/main.c:292:6:SystemClock_Config	88	static
../Core/Src/main.c:340:13:MX_ADC1_Init	24	static
../Core/Src/main.c:419:13:MX_TIM1_Init	56	static
../Core/Src/main.c:469:13:MX_TIM2_Init	64	static
../Core/Src/main.c:540:13:MX_TIM3_Init	56	static
../Core/Src/main.c:586:13:MX_TIM4_Init	56	static
../Core/Src/main.c:632:13:MX_TIM8_Init	56	static
../Core/Src/main.c:682:13:MX_UART5_Init	8	static
../Core/Src/main.c:715:13:MX_USART2_UART_Init	8	static
../Core/Src/main.c:746:13:MX_DMA_Init	16	static
../Core/Src/main.c:777:13:MX_GPIO_Init	48	static
../Core/Src/main.c:836:23:clamp500	16	static
../Core/Src/main.c:839:13:init_multiarray_4	16	static
../Core/Src/main.c:868:13:motor_enable	16	static
../Core/Src/main.c:878:13:motor_set_speed	24	static
../Core/Src/main.c:897:13:encoder_start	16	static
../Core/Src/main.c:906:16:encoder_sample_accum	24	static
../Core/Src/main.c:915:13:wheel_cmd_cb	32	static
../Core/Src/main.c:932:13:timer_cb	24	static
../Core/Src/main.c:1026:6:StartDefaultTask	168	static
../Core/Src/main.c:1114:6:HAL_TIM_PeriodElapsedCallback	16	static
../Core/Src/main.c:1153:6:Error_Handler	4	static,ignoring_inline_asm
