../Core/Src/main.c:296:6:nexus_bringup	8	static
../Core/Src/main.c:309:5:main	8	static
../Core/Src/main.c:335:6:SystemClock_Config	88	static
../Core/Src/main.c:371:13:MX_TIM1_Init	56	static
../Core/Src/main.c:406:13:MX_TIM3_Init	56	static
../Core/Src/main.c:438:13:MX_TIM4_Init	56	static
../Core/Src/main.c:471:13:MX_TIM6_Init	16	static
../Core/Src/main.c:496:13:MX_TIM8_Init	56	static
../Core/Src/main.c:530:13:MX_USART2_UART_Init	8	static
../Core/Src/main.c:550:13:MX_DMA_Init	16	static
../Core/Src/main.c:568:13:MX_GPIO_Init	48	static
../Core/Src/main.c:625:6:odom_timer_cb	24	static
../Core/Src/main.c:654:6:StartDefaultTask	104	static
../Core/Src/main.c:769:6:HAL_TIM_PeriodElapsedCallback	24	static
../Core/Src/main.c:797:6:Error_Handler	4	static,ignoring_inline_asm
