../Core/Src/main.c:245:6:nexus_bringup	8	static
../Core/Src/main.c:258:5:main	8	static
../Core/Src/main.c:284:6:SystemClock_Config	88	static
../Core/Src/main.c:320:13:MX_TIM1_Init	56	static
../Core/Src/main.c:355:13:MX_TIM3_Init	56	static
../Core/Src/main.c:387:13:MX_TIM4_Init	56	static
../Core/Src/main.c:420:13:MX_TIM6_Init	16	static
../Core/Src/main.c:445:13:MX_TIM8_Init	56	static
../Core/Src/main.c:479:13:MX_USART2_UART_Init	8	static
../Core/Src/main.c:499:13:MX_DMA_Init	16	static
../Core/Src/main.c:517:13:MX_GPIO_Init	48	static
../Core/Src/main.c:562:6:odom_timer_cb	24	static
../Core/Src/main.c:571:6:StartDefaultTask	104	static
../Core/Src/main.c:630:6:HAL_TIM_PeriodElapsedCallback	24	static
../Core/Src/main.c:658:6:Error_Handler	4	static,ignoring_inline_asm
