../Core/Src/main.c:216:20:fill_ros_time	32	static
../Core/Src/main.c:304:13:RS485_SetTX	8	static
../Core/Src/main.c:305:13:RS485_SetRX	8	static
../Core/Src/main.c:307:16:calcChecksum	24	static
../Core/Src/main.c:315:6:SONAR_Init	24	static
../Core/Src/main.c:323:13:SONAR_SendCommand	16	static
../Core/Src/main.c:330:9:SONAR_Trigger	16	static
../Core/Src/main.c:336:9:SONAR_ReadDistance	16	static
../Core/Src/main.c:352:9:SONAR_ReadTemperature	24	static
../Core/Src/main.c:370:9:Sonar_Update	32	static
../Core/Src/main.c:383:6:sonar_timer_cb	32	static
../Core/Src/main.c:443:23:accel_cfg_val	4	static
../Core/Src/main.c:445:23:gyro_cfg_val	4	static
../Core/Src/main.c:450:19:mpu6050_init	40	static
../Core/Src/main.c:487:19:mpu6050_read_dma	24	static
../Core/Src/main.c:494:6:HAL_I2C_ErrorCallback	16	static
../Core/Src/main.c:499:6:HAL_I2C_MemRxCpltCallback	16	static
../Core/Src/main.c:507:13:imu_calibrate	136	static
../Core/Src/main.c:542:16:be16	16	static
../Core/Src/main.c:544:6:mpu6050_parse	48	static
../Core/Src/main.c:572:6:imu_func	72	static
../Core/Src/main.c:815:6:nexus_bringup	8	static
../Core/Src/main.c:835:6:Bringup_TransportInit	24	static
../Core/Src/main.c:845:6:Bringup_AllocatorInit	32	static
../Core/Src/main.c:855:6:Bringup_PingAgent	24	static
../Core/Src/main.c:863:6:Bringup_CoreInit	40	static
../Core/Src/main.c:873:6:Bringup_TopicsInit	24	static
../Core/Src/main.c:906:6:Bringup_ExecutorInit	72	static
../Core/Src/main.c:942:5:main	8	static
../Core/Src/main.c:1042:6:SystemClock_Config	88	static
../Core/Src/main.c:1090:13:MX_ADC1_Init	24	static
../Core/Src/main.c:1169:13:MX_I2C1_Init	8	static
../Core/Src/main.c:1203:13:MX_TIM1_Init	56	static
../Core/Src/main.c:1253:13:MX_TIM2_Init	64	static
../Core/Src/main.c:1324:13:MX_TIM3_Init	56	static
../Core/Src/main.c:1373:13:MX_TIM4_Init	56	static
../Core/Src/main.c:1422:13:MX_TIM6_Init	16	static
../Core/Src/main.c:1460:13:MX_TIM8_Init	56	static
../Core/Src/main.c:1510:13:MX_UART5_Init	8	static
../Core/Src/main.c:1543:13:MX_USART2_UART_Init	8	static
../Core/Src/main.c:1574:13:MX_DMA_Init	16	static
../Core/Src/main.c:1605:13:MX_GPIO_Init	48	static
../Core/Src/main.c:1717:6:StartMicroROSTask	32	static
../Core/Src/main.c:1777:6:StartControlTask	16	static
../Core/Src/main.c:1796:6:StartDUSTask	16	static
../Core/Src/main.c:1814:6:StartImuTask	16	static
../Core/Src/main.c:1839:6:HAL_TIM_PeriodElapsedCallback	24	static
../Core/Src/main.c:1873:6:Error_Handler	4	static,ignoring_inline_asm
