../Core/Src/main.c:310:6:nexus_bringup	8	static
../Core/Src/main.c:331:13:init_int_multiarray_4	16	static
../Core/Src/main.c:340:13:init_float_multiarray_fixed	24	static
../Core/Src/main.c:350:24:now_nanos	56	static
../Core/Src/main.c:374:5:main	8	static
../Core/Src/main.c:466:6:SystemClock_Config	88	static
../Core/Src/main.c:514:13:MX_ADC1_Init	24	static
../Core/Src/main.c:593:13:MX_I2C1_Init	8	static
../Core/Src/main.c:627:13:MX_TIM1_Init	56	static
../Core/Src/main.c:677:13:MX_TIM2_Init	64	static
../Core/Src/main.c:748:13:MX_TIM3_Init	56	static
../Core/Src/main.c:794:13:MX_TIM4_Init	56	static
../Core/Src/main.c:840:13:MX_TIM6_Init	16	static
../Core/Src/main.c:878:13:MX_TIM8_Init	56	static
../Core/Src/main.c:928:13:MX_UART5_Init	8	static
../Core/Src/main.c:961:13:MX_USART2_UART_Init	8	static
../Core/Src/main.c:992:13:MX_DMA_Init	16	static
../Core/Src/main.c:1017:13:MX_GPIO_Init	48	static
../Core/Src/main.c:1092:13:publish_motor_currents_and_faults	16	static
../Core/Src/main.c:1138:13:publish_joint_state_from_encoders	56	static
../Core/Src/main.c:1242:13:wheel_cmd_cb	24	static
../Core/Src/main.c:1260:13:cfg_cb	32	static
../Core/Src/main.c:1271:13:timer_cb	40	static
../Core/Src/main.c:1301:6:HAL_ADC_ConvCpltCallback	16	static
../Core/Src/main.c:1309:6:Process_Motor_Currents	32	static
../Core/Src/main.c:1330:9:Sonar_Update	8	static
../Core/Src/main.c:1370:6:StartDefaultTask	352	static
../Core/Src/main.c:1546:6:HAL_TIM_PeriodElapsedCallback	16	static
../Core/Src/main.c:1585:6:Error_Handler	4	static,ignoring_inline_asm
