../Core/Src/main.c:203:20:fill_ros_time	32	static
../Core/Src/main.c:263:6:Bringup_TransportInit	24	static
../Core/Src/main.c:273:6:Bringup_AllocatorInit	32	static
../Core/Src/main.c:283:6:Bringup_PingAgent	24	static
../Core/Src/main.c:291:6:Bringup_CoreInit	40	static
../Core/Src/main.c:299:6:Bringup_TopicsInit	16	static
../Core/Src/main.c:320:6:Bringup_ExecutorInit	16	static
../Core/Src/main.c:401:13:RS485_SetTX	8	static
../Core/Src/main.c:402:13:RS485_SetRX	8	static
../Core/Src/main.c:404:16:calcChecksum	24	static
../Core/Src/main.c:410:6:SONAR_Init	24	static
../Core/Src/main.c:418:9:SONAR_Trigger	24	static
../Core/Src/main.c:430:9:SONAR_ReadDistance	32	static
../Core/Src/main.c:452:9:SONAR_ReadTemperature	32	static
../Core/Src/main.c:477:9:Sonar_Update	8	static
../Core/Src/main.c:556:23:accel_cfg_val	4	static
../Core/Src/main.c:558:23:gyro_cfg_val	4	static
../Core/Src/main.c:563:19:mpu6050_init	40	static
../Core/Src/main.c:600:19:mpu6050_read_dma	24	static
../Core/Src/main.c:607:6:HAL_I2C_ErrorCallback	16	static
../Core/Src/main.c:612:6:HAL_I2C_MemRxCpltCallback	16	static
../Core/Src/main.c:620:13:imu_calibrate	136	static
../Core/Src/main.c:655:16:be16	16	static
../Core/Src/main.c:657:6:mpu6050_parse	48	static
../Core/Src/main.c:685:6:imu_func	72	static
../Core/Src/main.c:918:6:nexus_bringup	8	static
../Core/Src/main.c:938:5:main	8	static
../Core/Src/main.c:1038:6:SystemClock_Config	88	static
../Core/Src/main.c:1086:13:MX_ADC1_Init	24	static
../Core/Src/main.c:1165:13:MX_I2C1_Init	8	static
../Core/Src/main.c:1199:13:MX_TIM1_Init	56	static
../Core/Src/main.c:1249:13:MX_TIM2_Init	64	static
../Core/Src/main.c:1320:13:MX_TIM3_Init	56	static
../Core/Src/main.c:1369:13:MX_TIM4_Init	56	static
../Core/Src/main.c:1418:13:MX_TIM6_Init	16	static
../Core/Src/main.c:1456:13:MX_TIM8_Init	56	static
../Core/Src/main.c:1506:13:MX_UART5_Init	8	static
../Core/Src/main.c:1539:13:MX_USART2_UART_Init	8	static
../Core/Src/main.c:1570:13:MX_DMA_Init	16	static
../Core/Src/main.c:1601:13:MX_GPIO_Init	48	static
../Core/Src/main.c:1713:6:StartMicroROSTask	32	static
../Core/Src/main.c:1776:6:StartControlTask	16	static
../Core/Src/main.c:1795:6:StartDUSTask	16	static
../Core/Src/main.c:1813:6:StartImuTask	16	static
../Core/Src/main.c:1838:6:HAL_TIM_PeriodElapsedCallback	24	static
../Core/Src/main.c:1872:6:Error_Handler	4	static,ignoring_inline_asm
