../Core/Src/main.c:195:20:fill_ros_time	32	static
../Core/Src/main.c:273:23:accel_cfg_val	4	static
../Core/Src/main.c:275:23:gyro_cfg_val	4	static
../Core/Src/main.c:280:19:mpu6050_init	40	static
../Core/Src/main.c:319:19:mpu6050_read_dma	24	static
../Core/Src/main.c:326:6:HAL_I2C_ErrorCallback	16	static
../Core/Src/main.c:331:6:HAL_I2C_MemRxCpltCallback	16	static
../Core/Src/main.c:339:13:imu_calibrate	136	static
../Core/Src/main.c:374:16:be16	16	static
../Core/Src/main.c:376:6:mpu6050_parse	48	static
../Core/Src/main.c:404:6:imu_func	72	static
../Core/Src/main.c:447:6:i2c1_reset	8	static
../Core/Src/main.c:683:13:RS485_SetTX	8	static
../Core/Src/main.c:685:13:RS485_SetRX	8	static
../Core/Src/main.c:687:16:calcChecksum	24	static
../Core/Src/main.c:693:6:SONAR_Init	24	static
../Core/Src/main.c:700:6:SONAR_TransmitCommand	24	static
../Core/Src/main.c:710:9:SONAR_ReadDistance	24	static
../Core/Src/main.c:728:9:SONAR_ReadTemperature	24	static
../Core/Src/main.c:747:6:sonar_timer_cb	40	static
../Core/Src/main.c:899:6:SONAR_SystemInit	8	static
../Core/Src/main.c:922:6:twist_callback	24	static
../Core/Src/main.c:948:6:odom_timer_cb	24	static
../Core/Src/main.c:962:6:MicroROS_TransportInit	24	static
../Core/Src/main.c:972:6:MicroROS_AllocatorInit	32	static
../Core/Src/main.c:983:6:MicroROS_PingAgent	24	static
../Core/Src/main.c:991:6:MicroROS_CoreInit	40	static
../Core/Src/main.c:1000:6:MicroROS_TopicsInit	32	static
../Core/Src/main.c:1105:6:MicroROS_ExecutorInit	24	static
../Core/Src/main.c:1147:6:nexus_bringup	8	static
../Core/Src/main.c:1170:5:main	8	static
../Core/Src/main.c:1261:6:SystemClock_Config	88	static
../Core/Src/main.c:1309:13:MX_ADC1_Init	24	static
../Core/Src/main.c:1388:13:MX_I2C1_Init	8	static
../Core/Src/main.c:1422:13:MX_TIM1_Init	56	static
../Core/Src/main.c:1472:13:MX_TIM2_Init	64	static
../Core/Src/main.c:1543:13:MX_TIM3_Init	56	static
../Core/Src/main.c:1592:13:MX_TIM4_Init	56	static
../Core/Src/main.c:1641:13:MX_TIM6_Init	16	static
../Core/Src/main.c:1679:13:MX_TIM8_Init	56	static
../Core/Src/main.c:1729:13:MX_UART5_Init	8	static
../Core/Src/main.c:1762:13:MX_USART2_UART_Init	8	static
../Core/Src/main.c:1793:13:MX_DMA_Init	16	static
../Core/Src/main.c:1824:13:MX_GPIO_Init	48	static
../Core/Src/main.c:1891:6:StartMicroROSTask	24	static
../Core/Src/main.c:1938:6:HAL_TIM_PeriodElapsedCallback	24	static
../Core/Src/main.c:1973:6:Error_Handler	4	static,ignoring_inline_asm
