../Core/Src/stm32f4xx_it.c:83:6:NMI_Handler	4	static
../Core/Src/stm32f4xx_it.c:98:6:HardFault_Handler	4	static
../Core/Src/stm32f4xx_it.c:113:6:MemManage_Handler	4	static
../Core/Src/stm32f4xx_it.c:128:6:BusFault_Handler	4	static
../Core/Src/stm32f4xx_it.c:143:6:UsageFault_Handler	4	static
../Core/Src/stm32f4xx_it.c:158:6:DebugMon_Handler	4	static
../Core/Src/stm32f4xx_it.c:178:6:DMA1_Stream0_IRQHandler	8	static
../Core/Src/stm32f4xx_it.c:192:6:DMA1_Stream5_IRQHandler	8	static
../Core/Src/stm32f4xx_it.c:206:6:DMA1_Stream6_IRQHandler	8	static
../Core/Src/stm32f4xx_it.c:220:6:ADC_IRQHandler	8	static
../Core/Src/stm32f4xx_it.c:234:6:TIM1_BRK_TIM9_IRQHandler	8	static
../Core/Src/stm32f4xx_it.c:248:6:TIM1_UP_TIM10_IRQHandler	8	static
../Core/Src/stm32f4xx_it.c:262:6:TIM1_TRG_COM_TIM11_IRQHandler	8	static
../Core/Src/stm32f4xx_it.c:276:6:TIM1_CC_IRQHandler	8	static
../Core/Src/stm32f4xx_it.c:290:6:TIM2_IRQHandler	8	static
../Core/Src/stm32f4xx_it.c:304:6:TIM3_IRQHandler	8	static
../Core/Src/stm32f4xx_it.c:318:6:TIM4_IRQHandler	8	static
../Core/Src/stm32f4xx_it.c:332:6:USART2_IRQHandler	8	static
../Core/Src/stm32f4xx_it.c:346:6:TIM8_BRK_TIM12_IRQHandler	8	static
../Core/Src/stm32f4xx_it.c:360:6:TIM8_UP_TIM13_IRQHandler	8	static
../Core/Src/stm32f4xx_it.c:374:6:TIM8_TRG_COM_TIM14_IRQHandler	8	static
../Core/Src/stm32f4xx_it.c:388:6:TIM8_CC_IRQHandler	8	static
../Core/Src/stm32f4xx_it.c:402:6:DMA1_Stream7_IRQHandler	8	static
../Core/Src/stm32f4xx_it.c:416:6:UART5_IRQHandler	8	static
../Core/Src/stm32f4xx_it.c:430:6:TIM7_IRQHandler	8	static
../Core/Src/stm32f4xx_it.c:444:6:DMA2_Stream0_IRQHandler	8	static
