../Core/Src/NexusControl/myMotor.c:13:6:ctrlparams_set_steps	16	static
../Core/Src/NexusControl/myMotor.c:26:21:clamp	24	static
../Core/Src/NexusControl/myMotor.c:32:21:ramp_step	24	static
../Core/Src/NexusControl/myMotor.c:40:20:setMotorDir	24	static
../Core/Src/NexusControl/myMotor.c:59:6:init_car	8	static
../Core/Src/NexusControl/myMotor.c:95:6:Mecanum_Control	96	static
../Core/Src/NexusControl/myMotor.c:151:6:Emergency_Stop	4	static
../Core/Src/NexusControl/myMotor.c:162:6:PID_Init	24	static
../Core/Src/NexusControl/myMotor.c:170:7:PID_Compute	40	static
