../Core/Src/NexusControl/mySensors.c:12:13:RS485_SetTX	8	static
../Core/Src/NexusControl/mySensors.c:13:13:RS485_SetRX	8	static
../Core/Src/NexusControl/mySensors.c:15:16:calcChecksum	24	static
../Core/Src/NexusControl/mySensors.c:21:6:SONAR_Init	24	static
../Core/Src/NexusControl/mySensors.c:29:9:SONAR_Trigger	24	static
../Core/Src/NexusControl/mySensors.c:41:9:SONAR_ReadDistance	32	static
../Core/Src/NexusControl/mySensors.c:63:9:SONAR_ReadTemperature	32	static
../Core/Src/NexusControl/mySensors.c:91:6:mpu_init	16	static
../Core/Src/NexusControl/mySensors.c:108:6:mpu_write	32	static
../Core/Src/NexusControl/mySensors.c:113:6:mpu_read	32	static
../Core/Src/NexusControl/mySensors.c:119:6:mpu_read_sample	56	static
