../Core/Src/app/control/motor_driver.c:29:21:clamp	24	static
../Core/Src/app/control/motor_driver.c:35:21:ramp_step	24	static
../Core/Src/app/control/motor_driver.c:43:6:ctrlparams_set_steps	16	static
../Core/Src/app/control/motor_driver.c:49:20:setMotorDir	24	static
../Core/Src/app/control/motor_driver.c:68:6:init_motors	8	static
../Core/Src/app/control/motor_driver.c:114:6:Emergency_Stop	4	static
../Core/Src/app/control/motor_driver.c:122:6:Mecanum_Control	88	static
../Core/Src/app/control/motor_driver.c:219:6:PID_Init	24	static
../Core/Src/app/control/motor_driver.c:229:6:PID_All_Init	8	static
../Core/Src/app/control/motor_driver.c:238:7:PID_Update	40	static
